INFO:     Will watch for changes in these directories: ['/Users/johnathanmo/linkedin-semantic/backend']
ERROR:    [Errno 48] Address already in use
